
 /----------------------------------------------------------------------------\
 |  yosys -- Yosys Open SYnthesis Suite                                       |
 |  Copyright (C) 2012 - 2025  Claire Xenia Wolf <claire@yosyshq.com>         |
 |  Distributed under an ISC-like license, type "license" to see terms        |
 \----------------------------------------------------------------------------/
 Yosys 0.52 (git sha1 fee39a3284c90249e1d9684cf6944ffbbcbb8f90)

-- Executing script file `/export/redwood/tlv/ripple/hier_out/hier.ys' --

1. Executing Verilog-2005 frontend: top.sv
Parsing SystemVerilog input from `top.sv' to AST representation.
Generating RTLIL representation for module `\top'.
Successfully finished Verilog frontend.

2. Executing HIERARCHY pass (managing design hierarchy).

2.1. Analyzing design hierarchy..
Top module:  \top

2.2. Analyzing design hierarchy..
Top module:  \top
Removed 0 unused modules.

3. Executing PROC pass (convert processes to netlists).

3.1. Executing PROC_CLEAN pass (remove empty switches from decision trees).
Cleaned up 0 empty switches.

3.2. Executing PROC_RMDEAD pass (remove dead branches from decision trees).
Removed a total of 0 dead cases.

3.3. Executing PROC_PRUNE pass (remove redundant assignments in processes).
Removed 0 redundant assignments.
Promoted 0 assignments to connections.

3.4. Executing PROC_INIT pass (extract init attributes).

3.5. Executing PROC_ARST pass (detect async resets in processes).

3.6. Executing PROC_ROM pass (convert switches to ROMs).
Converted 0 switches.

3.7. Executing PROC_MUX pass (convert decision trees to multiplexers).

3.8. Executing PROC_DLATCH pass (convert process syncs to latches).

3.9. Executing PROC_DFF pass (convert process syncs to FFs).

3.10. Executing PROC_MEMWR pass (convert process memory writes to cells).

3.11. Executing PROC_CLEAN pass (remove empty switches from decision trees).
Cleaned up 0 empty switches.

3.12. Executing OPT_EXPR pass (perform const folding).
Optimizing module top.
<suppressed ~1 debug messages>

4. Executing SPLITNETS pass (splitting up multi-bit signals).

5. Executing OPT_CLEAN pass (remove unused cells and wires).
Finding unused cells or wires in module \top..
Removed 0 unused cells and 17 unused wires.
<suppressed ~1 debug messages>

6. Executing SUBMOD pass (moving cells to submodules as requested).

6.1. Executing OPT_CLEAN pass (remove unused cells and wires).
Finding unused cells or wires in module \top..

6.2. Continuing SUBMOD pass.
Creating submodule fa_0 (\fa_0) of module \top.
Warning: Port directions for cell \pseudo_rand (\pseudo_rand) are unknown. Assuming inout for all ports.
  signal \L1_Slice[0].L1_in2_a0: input \L1_Slice[0].L1_in2_a0
  signal \L1b_Slice[1].L1_carry_in_a0: output \L1b_Slice[1].L1_carry_in_a0
  signal \L1_Slice[0].L1_in1_a0: input \L1_Slice[0].L1_in1_a0
  signal \Slice_out_a0[0]: internal
  signal $add$ripple.tlv:10$3_Y[0]: internal
  signal $add$ripple.tlv:10$3_Y[1]: internal
  signal $add$ripple.tlv:10$4_Y[0]: internal
  signal $add$ripple.tlv:10$4_Y[1]: internal
  cell $xor$ripple.tlv:9$1 ($xor)
  cell $gt$ripple.tlv:10$5 ($gt)
  cell $add$ripple.tlv:10$4 ($add)
  cell $add$ripple.tlv:10$3 ($add)

7. Executing SUBMOD pass (moving cells to submodules as requested).

7.1. Executing OPT_CLEAN pass (remove unused cells and wires).
Finding unused cells or wires in module \top..
Removed 0 unused cells and 4 unused wires.
<suppressed ~1 debug messages>

7.2. Continuing SUBMOD pass.
Creating submodule fa_1 (\fa_1) of module \top.
Warning: Port directions for cell \pseudo_rand (\pseudo_rand) are unknown. Assuming inout for all ports.
  signal \Slice_out_a0[1]: internal
  signal \L1b_Slice[2].L1_carry_in_a0: output \L1b_Slice[2].L1_carry_in_a0
  signal \L1b_Slice[1].L1_carry_in_a0: input \L1b_Slice[1].L1_carry_in_a0
  signal \L1_Slice[1].L1_in2_a0: input \L1_Slice[1].L1_in2_a0
  signal \L1_Slice[1].L1_in1_a0: input \L1_Slice[1].L1_in1_a0
  signal $xor$ripple.tlv:9$6_Y: internal
  signal $add$ripple.tlv:10$8_Y[0]: internal
  signal $add$ripple.tlv:10$8_Y[1]: internal
  signal $add$ripple.tlv:10$9_Y[0]: internal
  signal $add$ripple.tlv:10$9_Y[1]: internal
  cell $xor$ripple.tlv:9$7 ($xor)
  cell $xor$ripple.tlv:9$6 ($xor)
  cell $gt$ripple.tlv:10$10 ($gt)
  cell $add$ripple.tlv:10$9 ($add)
  cell $add$ripple.tlv:10$8 ($add)

8. Executing SUBMOD pass (moving cells to submodules as requested).

8.1. Executing OPT_CLEAN pass (remove unused cells and wires).
Finding unused cells or wires in module \top..
Removed 0 unused cells and 5 unused wires.
<suppressed ~1 debug messages>

8.2. Continuing SUBMOD pass.
Creating submodule fa_2 (\fa_2) of module \top.
Warning: Port directions for cell \pseudo_rand (\pseudo_rand) are unknown. Assuming inout for all ports.
  signal \Slice_out_a0[2]: internal
  signal \L1b_Slice[2].L1_carry_in_a0: input \L1b_Slice[2].L1_carry_in_a0
  signal \L1b_Slice[3].L1_carry_in_a0: output \L1b_Slice[3].L1_carry_in_a0
  signal \L1_Slice[2].L1_in1_a0: input \L1_Slice[2].L1_in1_a0
  signal \L1_Slice[2].L1_in2_a0: input \L1_Slice[2].L1_in2_a0
  signal $xor$ripple.tlv:9$11_Y: internal
  signal $add$ripple.tlv:10$13_Y[0]: internal
  signal $add$ripple.tlv:10$13_Y[1]: internal
  signal $add$ripple.tlv:10$14_Y[0]: internal
  signal $add$ripple.tlv:10$14_Y[1]: internal
  cell $xor$ripple.tlv:9$12 ($xor)
  cell $xor$ripple.tlv:9$11 ($xor)
  cell $gt$ripple.tlv:10$15 ($gt)
  cell $add$ripple.tlv:10$14 ($add)
  cell $add$ripple.tlv:10$13 ($add)

9. Executing SUBMOD pass (moving cells to submodules as requested).

9.1. Executing OPT_CLEAN pass (remove unused cells and wires).
Finding unused cells or wires in module \top..
Removed 0 unused cells and 5 unused wires.
<suppressed ~1 debug messages>

9.2. Continuing SUBMOD pass.
Creating submodule fa_3 (\fa_3) of module \top.
Warning: Port directions for cell \pseudo_rand (\pseudo_rand) are unknown. Assuming inout for all ports.
  signal \Slice_out_a0[3]: internal
  signal \L1b_Slice[3].L1_carry_in_a0: input \L1b_Slice[3].L1_carry_in_a0
  signal \L1_Slice[3].L1_in2_a0: input \L1_Slice[3].L1_in2_a0
  signal \L1_Slice[3].L1_in1_a0: input \L1_Slice[3].L1_in1_a0
  signal \L1b_Slice[4].L1_carry_in_a0: output \L1b_Slice[4].L1_carry_in_a0
  signal $xor$ripple.tlv:9$16_Y: internal
  signal $add$ripple.tlv:10$18_Y[0]: internal
  signal $add$ripple.tlv:10$18_Y[1]: internal
  signal $add$ripple.tlv:10$19_Y[0]: internal
  signal $add$ripple.tlv:10$19_Y[1]: internal
  cell $xor$ripple.tlv:9$17 ($xor)
  cell $xor$ripple.tlv:9$16 ($xor)
  cell $gt$ripple.tlv:10$20 ($gt)
  cell $add$ripple.tlv:10$19 ($add)
  cell $add$ripple.tlv:10$18 ($add)

10. Executing SUBMOD pass (moving cells to submodules as requested).

10.1. Executing OPT_CLEAN pass (remove unused cells and wires).
Finding unused cells or wires in module \top..
Removed 0 unused cells and 5 unused wires.
<suppressed ~1 debug messages>

10.2. Continuing SUBMOD pass.
Creating submodule fa_4 (\fa_4) of module \top.
Warning: Port directions for cell \pseudo_rand (\pseudo_rand) are unknown. Assuming inout for all ports.
  signal \Slice_out_a0[4]: internal
  signal \L1_Slice[4].L1_in1_a0: input \L1_Slice[4].L1_in1_a0
  signal \L1_Slice[4].L1_in2_a0: input \L1_Slice[4].L1_in2_a0
  signal $add$ripple.tlv:10$23_Y[1]: internal
  signal \L1b_Slice[4].L1_carry_in_a0: input \L1b_Slice[4].L1_carry_in_a0
  signal \L1b_Slice[5].L1_carry_in_a0: output \L1b_Slice[5].L1_carry_in_a0
  signal $add$ripple.tlv:10$23_Y[0]: internal
  signal $xor$ripple.tlv:9$21_Y: internal
  signal $add$ripple.tlv:10$24_Y[0]: internal
  signal $add$ripple.tlv:10$24_Y[1]: internal
  cell $xor$ripple.tlv:9$22 ($xor)
  cell $xor$ripple.tlv:9$21 ($xor)
  cell $gt$ripple.tlv:10$25 ($gt)
  cell $add$ripple.tlv:10$24 ($add)
  cell $add$ripple.tlv:10$23 ($add)

11. Executing SUBMOD pass (moving cells to submodules as requested).

11.1. Executing OPT_CLEAN pass (remove unused cells and wires).
Finding unused cells or wires in module \top..
Removed 0 unused cells and 5 unused wires.
<suppressed ~1 debug messages>

11.2. Continuing SUBMOD pass.
Creating submodule fa_5 (\fa_5) of module \top.
Warning: Port directions for cell \pseudo_rand (\pseudo_rand) are unknown. Assuming inout for all ports.
  signal \Slice_out_a0[5]: internal
  signal \L1b_Slice[6].L1_carry_in_a0: output \L1b_Slice[6].L1_carry_in_a0
  signal \L1_Slice[5].L1_in1_a0: input \L1_Slice[5].L1_in1_a0
  signal \L1_Slice[5].L1_in2_a0: input \L1_Slice[5].L1_in2_a0
  signal \L1b_Slice[5].L1_carry_in_a0: input \L1b_Slice[5].L1_carry_in_a0
  signal $xor$ripple.tlv:9$26_Y: internal
  signal $add$ripple.tlv:10$28_Y[0]: internal
  signal $add$ripple.tlv:10$28_Y[1]: internal
  signal $add$ripple.tlv:10$29_Y[0]: internal
  signal $add$ripple.tlv:10$29_Y[1]: internal
  cell $xor$ripple.tlv:9$27 ($xor)
  cell $xor$ripple.tlv:9$26 ($xor)
  cell $gt$ripple.tlv:10$30 ($gt)
  cell $add$ripple.tlv:10$29 ($add)
  cell $add$ripple.tlv:10$28 ($add)

12. Executing SUBMOD pass (moving cells to submodules as requested).

12.1. Executing OPT_CLEAN pass (remove unused cells and wires).
Finding unused cells or wires in module \top..
Removed 0 unused cells and 5 unused wires.
<suppressed ~1 debug messages>

12.2. Continuing SUBMOD pass.
Creating submodule fa_6 (\fa_6) of module \top.
Warning: Port directions for cell \pseudo_rand (\pseudo_rand) are unknown. Assuming inout for all ports.
  signal \Slice_out_a0[6]: internal
  signal \L1_Slice[6].L1_in1_a0: input \L1_Slice[6].L1_in1_a0
  signal \L1b_Slice[6].L1_carry_in_a0: input \L1b_Slice[6].L1_carry_in_a0
  signal \L1b_Slice[7].L1_carry_in_a0: output \L1b_Slice[7].L1_carry_in_a0
  signal \L1_Slice[6].L1_in2_a0: input \L1_Slice[6].L1_in2_a0
  signal $xor$ripple.tlv:9$31_Y: internal
  signal $add$ripple.tlv:10$33_Y[0]: internal
  signal $add$ripple.tlv:10$33_Y[1]: internal
  signal $add$ripple.tlv:10$34_Y[0]: internal
  signal $add$ripple.tlv:10$34_Y[1]: internal
  cell $xor$ripple.tlv:9$32 ($xor)
  cell $xor$ripple.tlv:9$31 ($xor)
  cell $gt$ripple.tlv:10$35 ($gt)
  cell $add$ripple.tlv:10$34 ($add)
  cell $add$ripple.tlv:10$33 ($add)

13. Executing SUBMOD pass (moving cells to submodules as requested).

13.1. Executing OPT_CLEAN pass (remove unused cells and wires).
Finding unused cells or wires in module \top..
Removed 0 unused cells and 5 unused wires.
<suppressed ~1 debug messages>

13.2. Continuing SUBMOD pass.
Creating submodule fa_7 (\fa_7) of module \top.
Warning: Port directions for cell \pseudo_rand (\pseudo_rand) are unknown. Assuming inout for all ports.
  signal \L1b_Slice[7].L1_carry_in_a0: input \L1b_Slice[7].L1_carry_in_a0
  signal \L1_Slice[7].L1_in1_a0: input \L1_Slice[7].L1_in1_a0
  signal \L1_Slice[7].L1_in2_a0: input \L1_Slice[7].L1_in2_a0
  signal \Slice_carry_out_a0[7]: internal
  signal $xor$ripple.tlv:9$36_Y: internal
  signal \Slice_out_a0[7]: internal
  signal $add$ripple.tlv:10$38_Y[0]: internal
  signal $add$ripple.tlv:10$38_Y[1]: internal
  signal $add$ripple.tlv:10$39_Y[0]: internal
  signal $add$ripple.tlv:10$39_Y[1]: internal
  cell $xor$ripple.tlv:9$37 ($xor)
  cell $xor$ripple.tlv:9$36 ($xor)
  cell $gt$ripple.tlv:10$40 ($gt)
  cell $add$ripple.tlv:10$39 ($add)
  cell $add$ripple.tlv:10$38 ($add)

14. Executing HIERARCHY pass (managing design hierarchy).

14.1. Analyzing design hierarchy..
Top module:  \top
Used module:     \fa_7
Used module:     \fa_0
Used module:     \fa_1
Used module:     \fa_2
Used module:     \fa_3
Used module:     \fa_4
Used module:     \fa_5
Used module:     \fa_6

14.2. Analyzing design hierarchy..
Top module:  \top
Used module:     \fa_7
Used module:     \fa_0
Used module:     \fa_1
Used module:     \fa_2
Used module:     \fa_3
Used module:     \fa_4
Used module:     \fa_5
Used module:     \fa_6
Removed 0 unused modules.

15. Executing Verilog backend.

15.1. Executing BMUXMAP pass.

15.2. Executing DEMUXMAP pass.
Dumping module `\fa_0'.
Dumping module `\fa_1'.
Dumping module `\fa_2'.
Dumping module `\fa_3'.
Dumping module `\fa_4'.
Dumping module `\fa_5'.
Dumping module `\fa_6'.
Dumping module `\fa_7'.
Dumping module `\top'.

16. Executing JSON backend.

Warnings: 1 unique messages, 8 total
End of script. Logfile hash: 6385370318, CPU: user 0.03s system 0.01s, MEM: 17.09 MB peak
Yosys 0.52 (git sha1 fee39a3284c90249e1d9684cf6944ffbbcbb8f90)
Time spent: 61% 9x opt_clean (0 sec), 10% 8x submod (0 sec), ...
