
 /----------------------------------------------------------------------------\
 |  yosys -- Yosys Open SYnthesis Suite                                       |
 |  Copyright (C) 2012 - 2025  Claire Xenia Wolf <claire@yosyshq.com>         |
 |  Distributed under an ISC-like license, type "license" to see terms        |
 \----------------------------------------------------------------------------/
 Yosys 0.52 (git sha1 fee39a3284c90249e1d9684cf6944ffbbcbb8f90)

-- Executing script file `split.ys' --

1. Executing Verilog-2005 frontend: pythagoras.sv
Parsing SystemVerilog input from `pythagoras.sv' to AST representation.
Generating RTLIL representation for module `\pythagoras'.
Successfully finished Verilog frontend.

2. Executing HIERARCHY pass (managing design hierarchy).

2.1. Analyzing design hierarchy..
Top module:  \pythagoras

2.2. Analyzing design hierarchy..
Top module:  \pythagoras
Removed 0 unused modules.

3. Executing PROC pass (convert processes to netlists).

3.1. Executing PROC_CLEAN pass (remove empty switches from decision trees).
Cleaned up 0 empty switches.

3.2. Executing PROC_RMDEAD pass (remove dead branches from decision trees).
Removed a total of 0 dead cases.

3.3. Executing PROC_PRUNE pass (remove redundant assignments in processes).
Removed 0 redundant assignments.
Promoted 2 assignments to connections.

3.4. Executing PROC_INIT pass (extract init attributes).

3.5. Executing PROC_ARST pass (detect async resets in processes).

3.6. Executing PROC_ROM pass (convert switches to ROMs).
Converted 0 switches.

3.7. Executing PROC_MUX pass (convert decision trees to multiplexers).
Creating decoders for process `\pythagoras.$proc$pythagoras.sv:43$2'.
Creating decoders for process `\pythagoras.$proc$pythagoras.sv:40$1'.

3.8. Executing PROC_DLATCH pass (convert process syncs to latches).

3.9. Executing PROC_DFF pass (convert process syncs to FFs).
Creating register for signal `\pythagoras.\CALC_bb_sq_a2' using process `\pythagoras.$proc$pythagoras.sv:43$2'.
  created $dff cell `$procdff$6' with positive edge clock.
Creating register for signal `\pythagoras.\CALC_aa_sq_a2' using process `\pythagoras.$proc$pythagoras.sv:40$1'.
  created $dff cell `$procdff$7' with positive edge clock.

3.10. Executing PROC_MEMWR pass (convert process memory writes to cells).

3.11. Executing PROC_CLEAN pass (remove empty switches from decision trees).
Removing empty process `pythagoras.$proc$pythagoras.sv:43$2'.
Removing empty process `pythagoras.$proc$pythagoras.sv:40$1'.
Cleaned up 0 empty switches.

3.12. Executing OPT_EXPR pass (perform const folding).
Optimizing module pythagoras.

4. Executing SPLITNETS pass (splitting up multi-bit signals).

5. Executing OPT_CLEAN pass (remove unused cells and wires).
Finding unused cells or wires in module \pythagoras..
Removed 0 unused cells and 41 unused wires.
<suppressed ~1 debug messages>

6. Executing SUBMOD pass (moving cells to submodules as requested).

6.1. Executing OPT_CLEAN pass (remove unused cells and wires).
Finding unused cells or wires in module \pythagoras..

6.2. Continuing SUBMOD pass.
Creating submodule stage_0 (\stage_0) of module \pythagoras.
  signal \b_in: input \b_in
  signal \CALC_aa_sq_a1[0]: output \CALC_aa_sq_a1[0]
  signal \a_in: input \a_in
  signal \CALC_aa_sq_a1[1]: output \CALC_aa_sq_a1[1]
  signal \CALC_aa_sq_a1[2]: output \CALC_aa_sq_a1[2]
  signal \CALC_aa_sq_a1[4]: output \CALC_aa_sq_a1[4]
  signal \CALC_aa_sq_a1[5]: output \CALC_aa_sq_a1[5]
  signal \CALC_aa_sq_a1[3]: output \CALC_aa_sq_a1[3]
  signal \CALC_aa_sq_a1[6]: output \CALC_aa_sq_a1[6]
  signal \CALC_aa_sq_a1[7]: output \CALC_aa_sq_a1[7]
  signal \CALC_bb_sq_a1[0]: output \CALC_bb_sq_a1[0]
  signal \CALC_bb_sq_a1[1]: output \CALC_bb_sq_a1[1]
  signal \CALC_bb_sq_a1[2]: output \CALC_bb_sq_a1[2]
  signal \CALC_bb_sq_a1[3]: output \CALC_bb_sq_a1[3]
  signal \CALC_bb_sq_a1[4]: output \CALC_bb_sq_a1[4]
  signal \CALC_bb_sq_a1[5]: output \CALC_bb_sq_a1[5]
  signal \CALC_bb_sq_a1[6]: output \CALC_bb_sq_a1[6]
  signal \CALC_bb_sq_a1[7]: output \CALC_bb_sq_a1[7]
  cell $pow$pythagoras.tlv:15$4 ($pow)
  cell $pow$pythagoras.tlv:14$3 ($pow)

7. Executing HIERARCHY pass (managing design hierarchy).

7.1. Analyzing design hierarchy..
Top module:  \pythagoras
Used module:     \stage_0

7.2. Analyzing design hierarchy..
Top module:  \pythagoras
Used module:     \stage_0
Removed 0 unused modules.

8. Executing Verilog backend.

8.1. Executing BMUXMAP pass.

8.2. Executing DEMUXMAP pass.
Dumping module `\pythagoras'.
Dumping module `\stage_0'.

9. Executing JSON backend.

End of script. Logfile hash: 986fd09a58, CPU: user 0.00s system 0.00s, MEM: 16.10 MB peak
Yosys 0.52 (git sha1 fee39a3284c90249e1d9684cf6944ffbbcbb8f90)
Time spent: 28% 2x opt_clean (0 sec), 12% 1x opt_expr (0 sec), ...
